// Jest Snapshot v1, https://goo.gl/fbAQLP

exports[`Card Component Has the expected markup 1`] = `
<article
  class="card"
>
  <div
    class="card-company-image-container"
  >
    <img
      alt="Logo for 1"
      class="card-company-image"
      src="http://placekitten.com/200/300"
    />
  </div>
   
  <div
    class="card-company-info"
  >
    <h1
      class="sr-only"
    >
      1
    </h1>
     
    <p
      class="card-company-info-text"
      tabindex="0"
    >
      Lol
    </p>
  </div>
   
  <div
    class="card-read-more-container"
  >
    <p
      class="card-read-more-link-container"
    >
      <a
        class="card-read-more-link"
        href="#"
      >
        
      </a>
       
      <img
        alt="Read More Image"
        class="card-read-more-link-image"
        src="~/assets/images/arrow-right-blue.svg"
      />
    </p>
     
    <p
      class="card-reading-time-container-link"
    >
      <img
        alt="Clock Image "
        class="card-reading-time-image"
        src="~/assets/images/clock.svg"
      />
      
    
    </p>
  </div>
</article>
`;
